{"time":"0000-10-10T15:59:29+00:09","hostname":"mail","process":"postfix/smtpd[1827]","queue_id":"3D74ADB7400B","client_hostname":"example.com","client_ip":"127.0.0.1","sasl_method":"","sasl_username":"","message_id":"f93388828093534f92d85ffe21b2a719@example.info","from":"test2@example.info","size":"2140","nrcpt":"1","messages":[{"time":"0000-10-10T15:59:30+00:09","to":"test@example.to","status":"sent","message":"to=\u003ctest@example.to\u003e, relay=example.to[192.168.0.20]:25, delay=1.7, delays=0.02/0/1.7/0.06, dsn=2.0.0, status=sent (250 [Sniper] OK 1539154772 snipe-queue 10549)","bounce_id":""},{"time":"0000-10-10T15:59:30+00:09","to":"test2@example.to","status":"sent","message":"to=\u003ctest2@example.to\u003e, relay=example.to[192.168.0.20]:25, delay=1.7, delays=0.02/0/1.7/0.06, dsn=2.0.0, status=sent (250 [Sniper] OK 1539154772 snipe-queue 10549)","bounce_id":""}]}
{"time":"0000-10-10T15:59:31+00:09","hostname":"mail","process":"postfix/smtpd[1830]","queue_id":"6526CDB7400B","client_hostname":"example.com","client_ip":"127.0.0.1","sasl_method":"","sasl_username":"","message_id":"153915476795520900002087@example.aaa","from":"test@example.bbb","size":"4118","nrcpt":"1","messages":[{"time":"0000-10-10T15:59:31+00:09","to":"test@example.ccc","status":"sent","message":"to=\u003ctest@example.ccc\u003e, relay=example.ccc[192.168.0.10]:25, delay=0.1, delays=0.02/0/0.03/0.05, dsn=2.0.0, status=sent (250 2.0.0 Ok: queued as 71111424269E)","bounce_id":""}]}
{"time":"0000-10-10T15:59:28+00:09","hostname":"mail","process":"postfix/smtpd[1830]","queue_id":"C6E0DDB74006","client_hostname":"example.com","client_ip":"127.0.0.1","sasl_method":"","sasl_username":"","message_id":"A40CF64D-7F2D-42E4-8A76-CBFFF64A6EB1@example.com","from":"test@example.com","size":"309891","nrcpt":"1","messages":[{"time":"0000-10-10T15:59:32+00:09","to":"test@example.ddd","status":"sent","message":"to=\u003ctest@example.ddd\u003e, relay=example.ddd[192.168.0.30]:25, delay=3.4, delays=0.11/0/0.38/2.9, dsn=2.0.0, status=sent (250 2.0.0 OK 1539154772 az9-v6si5976496plb.190 - gsmtp)","bounce_id":""}]}
