{"time":"2020-01-30T06:26:06.404714+09:00","hostname":"mail","process":"postfix/smtpd[1827]","queue_id":"3D74ADB7400B","client_hostname":"example.com","client_ip":"127.0.0.1","sasl_method":"","sasl_username":"","message_id":"f93388828093534f92d85ffe21b2a719@example.info","from":"test2@example.info","size":"2140","nrcpt":"1","messages":[{"time":"2020-01-30T06:26:07.404714+09:00","to":"test@example.to","status":"sent","message":"to=\u003ctest@example.to\u003e, relay=example.to[192.168.0.20]:25, delay=1.7, delays=0.02/0/1.7/0.06, dsn=2.0.0, status=sent (250 [Sniper] OK 1539154772 snipe-queue 10549)","bounce_id":""},{"time":"2020-01-30T06:26:07.404714+09:00","to":"test2@example.to","status":"sent","message":"to=\u003ctest2@example.to\u003e, relay=example.to[192.168.0.20]:25, delay=1.7, delays=0.02/0/1.7/0.06, dsn=2.0.0, status=sent (250 [Sniper] OK 1539154772 snipe-queue 10549)","bounce_id":""}]}
{"time":"2020-01-30T06:26:08.404714+09:00","hostname":"mail","process":"postfix/smtpd[1830]","queue_id":"6526CDB7400B","client_hostname":"example.com","client_ip":"127.0.0.1","sasl_method":"","sasl_username":"","message_id":"153915476795520900002087@example.aaa","from":"test@example.bbb","size":"4118","nrcpt":"1","messages":[{"time":"2020-01-30T06:26:08.404714+09:00","to":"test@example.ccc","status":"sent","message":"to=\u003ctest@example.ccc\u003e, relay=example.ccc[192.168.0.10]:25, delay=0.1, delays=0.02/0/0.03/0.05, dsn=2.0.0, status=sent (250 2.0.0 Ok: queued as 71111424269E)","bounce_id":""}]}
{"time":"2020-01-30T06:26:05.404714+09:00","hostname":"mail","process":"postfix/smtpd[1830]","queue_id":"C6E0DDB74006","client_hostname":"example.com","client_ip":"127.0.0.1","sasl_method":"","sasl_username":"","message_id":"A40CF64D-7F2D-42E4-8A76-CBFFF64A6EB1@example.com","from":"test@example.com","size":"309891","nrcpt":"1","messages":[{"time":"2020-01-30T06:26:09.404714+09:00","to":"test@example.ddd","status":"sent","message":"to=\u003ctest@example.ddd\u003e, relay=example.ddd[192.168.0.30]:25, delay=3.4, delays=0.11/0/0.38/2.9, dsn=2.0.0, status=sent (250 2.0.0 OK 1539154772 az9-v6si5976496plb.190 - gsmtp)","bounce_id":""}]}
{"time":"2021-02-06T10:57:57+01:00","hostname":"mail.server.com","process":"postfix/smtpd[59633]","queue_id":"D6DDA23B0F","client_hostname":"unknown","client_ip":"99.88.77.66","sasl_method":"","sasl_username":"","message_id":"20210206095814.2B34E19A19F6@host.sender.domain","from":"user2@example.com","size":"","nrcpt":"","messages":[{"time":"2021-02-06T10:57:58+01:00","to":"some.dest@destdomain.com","status":"milter-reject","message":"milter-reject: END-OF-MESSAGE from unknown[99.88.77.66]: 4.7.1 Greylisting in action, try again later; from=\u003cuser2@example.com\u003e to=\u003csome.dest@destdomain.com\u003e proto=ESMTP helo=\u003chost.sender.domain\u003e","bounce_id":""}]}
{"time":"2021-02-06T09:58:59.184925+01:00","hostname":"mail.server.com","process":"postfix/submission/smtpd[99525]","queue_id":"2D19728491","client_hostname":"unknown","client_ip":"10.11.12.13","sasl_method":"PLAIN","sasl_username":"user1@domain.example.com","message_id":"1612601937133741374.16589280196177750880@user1.domain.example.com","from":"user1@example.com","size":"11991","nrcpt":"1","messages":[{"time":"2021-02-06T09:58:59.560624+01:00","to":"destuser@destination.com","status":"sent","message":"to=\u003cdestuser@destination.com\u003e, relay=mail2.domain.com[2b00:128:64::1]:25, delay=9.7, delays=9.5/0.01/0.03/0.12, dsn=2.0.0, status=sent (250 2.0.0 Ok: queued as 702A02A5BF)","bounce_id":""}]}
{"time":"2021-02-06T11:19:18.130932+01:00","hostname":"mail2.server.com","process":"postfix/smtpd[61691]","queue_id":"1FEE23DED3","client_hostname":"unknown","client_ip":"2b00:128:64::42","sasl_method":"","sasl_username":"","message_id":"20210206101916.672CC1B4E5@sender.example.com","from":"","size":"","nrcpt":"","messages":[{"time":"2021-02-06T11:19:18.189624+01:00","to":"dest@domain.com","status":"bounced","message":"to=\u003cdest@domain.com\u003e, relay=relay.domain.com[22.33.44.55]:25, delay=0.06, delays=0/0/0.05/0.01, dsn=5.7.1, status=bounced (host relay.domain.com[22.33.44.55] said: 554 5.7.1 \u003cdest@domain.com\u003e: Relay access denied (in reply to RCPT TO command))","bounce_id":""}]}
{"time":"2021-02-06T11:19:25+01:00","hostname":"mail1.example.com","process":"postfix/smtpd[64346]","queue_id":"42E683DD0B","client_hostname":"mail.sender.com","client_ip":"85.42.66.4","sasl_method":"","sasl_username":"","message_id":"0tgs2nv56aexq9wn-dz6hijmzyfbesxxz-bcd8-493db@some.com","from":"18546-55426-655542-8520-recipient1=sender1@mail.some.com","size":"8703","nrcpt":"1","messages":[{"time":"2021-02-06T11:19:26+01:00","to":"recipient1@destdom.com","status":"bounced","message":"to=\u003crecipient1@destdom.com\u003e, relay=aspmx.l.google.com[2a00:1450:400c:c04::1b]:25, delay=0.59, delays=0.23/0/0.17/0.19, dsn=5.7.26, status=bounced (host aspmx.l.google.com[2a00:1450:400c:c04::1b] said: 550-5.7.26 This message does not have authentication information or fails to 550-5.7.26 pass authentication checks. To best protect our users from spam, the 550-5.7.26 message has been blocked. Please visit 550-5.7.26  https://support.google.com/mail/answer/81126#authentication for more 550 5.7.26 information. a42si85499772wrx.219 - gsmtp (in reply to end of DATA command))","bounce_id":"1F99E4BC9A"}]}
{"time":"2021-02-20T13:18:56+01:00","hostname":"srv-smtp","process":"postfix/smtpd[63060]","queue_id":"9ABCD1BCA9","client_hostname":"mailout.domain.com","client_ip":"10.11.12.13","sasl_method":"","sasl_username":"","message_id":"20210220121856.17088.40693@internal.domain.lan","from":"user1@domain.com","size":"5712","nrcpt":"1","messages":[{"time":"2021-02-20T13:18:57+01:00","to":"recipient@gmail.com","status":"deferred","message":"to=\u003crecipient@gmail.com\u003e, relay=gmail-smtp-in.l.google.com[2a00:1450:400c:c02::1b]:25, delay=0.41, delays=0.19/0/0.19/0.03, dsn=4.2.1, status=deferred (host gmail-smtp-in.l.google.com[2a00:1450:400c:c02::1b] said: 450-4.2.1 The user you are trying to contact is receiving mail at a rate that 450-4.2.1 prevents additional messages from being delivered. Please resend your 450-4.2.1 message at a later time. If the user is able to receive mail at that 450-4.2.1 time, your message will be delivered. For more information, please 450-4.2.1 visit 450 4.2.1  https://support.google.com/mail/?p=ReceivingRate f22si54329842vxg.042 - gsmtp (in reply to RCPT TO command))","bounce_id":""}]}
{"time":"2025-02-13T12:44:28.836533+01:00","hostname":"srv-smtp","process":"postfix/smtpd[65735]","queue_id":"","client_hostname":"unknown","client_ip":"41.42.43.44","sasl_method":"","sasl_username":"","message_id":"","from":"","size":"","nrcpt":"","messages":[{"time":"2025-02-13T12:44:28.836533+01:00","to":"","status":"postfix-ratelimit","message":"warning: Message delivery request rate limit exceeded: 19 from unknown[41.42.43.44] for service smtp","bounce_id":""}]}
