{"time":"2021-02-19T14:32:14.976132+01:00","hostname":"smtp01.example.org","process":"postfix/cleanup[52106]","queue_id":"E89FA2DEDA","client_hostname":"srv05.source.com","client_ip":"10.11.12.13","sasl_method":"","sasl_username":"","message_id":"","from":"","size":"","nrcpt":"","messages":[{"time":"2021-02-19T14:32:14.976132+01:00","to":"this_user@this.domain.com","status":"milter-hold","message":"milter-hold: END-OF-MESSAGE from srv05.source.com[10.11.12.13]: milter triggers HOLD action; from=\u003c\u003e to=\u003cthis_user@this.domain.com\u003e proto=ESMTP helo=\u003cthis.domain.com\u003e","bounce_id":""}]}
{"time":"2021-12-03T06:27:33.887389+01:00","hostname":"smtp01.example.org","process":"postfix/smtpd[50419]","queue_id":"B42E77AB32","client_hostname":"42-64-53-170.subs.proxad.net","client_ip":"42.64.53.170","sasl_method":"PLAIN","sasl_username":"user42@smtp01.example.com","message_id":"164017759823.25920.10144256874843932242@12f2bb757669","from":"youssefh@senderdomain.com","size":"","nrcpt":"","messages":[{"time":"2021-12-03T06:27:34.105536+01:00","to":"archive@senderdomain.com","status":"milter-reject","message":"milter-reject: END-OF-MESSAGE from 42-64-53-170.subs.proxad.net[42.64.53.170]: 4.7.1 Ratelimit \"05\" exceeded; from=\u003cyoussefh@senderdomain.com\u003e to=\u003carchive@senderdomain.com\u003e proto=ESMTP helo=\u003c[172.18.0.2]\u003e","bounce_id":""}]}
